// Jest Snapshot v1, https://goo.gl/fbAQLP

exports[`renders <Text /> 1`] = `
<Text
  style={
    [
      {
        "color": "#000",
      },
      undefined,
    ]
  }
>
  Snapshot test!
</Text>
`;

exports[`renders <View /> 1`] = `
<View
  style={
    [
      {
        "backgroundColor": "#fff",
      },
      undefined,
    ]
  }
/>
`;
